 git clone
Вы должны указать репозиторий для клонирования.

использование: git clone [<опции>] [--] <репозиторий> [<каталог>]

    -v, --verbose         быть многословнее
    -q, --quiet           тихий режим
    --progress            принудительно выводить прогресс
    -n, --no-checkout     не переключать рабочую копию на HEAD
    --bare                создать голый репозиторий
    --mirror              создать зеркало репозитория (включает в себя и параметр bare)
    -l, --local           для клонирования из локального репозитория
    --no-hardlinks        не использовать жесткие ссылки, всегда копировать файлы
    -s, --shared          настроить как общедоступный репозиторий
    --recursive           инициализировать подмодули в клоне
    --recurse-submodules  инициализировать подмодули в клоне
    --template <каталог-шаблонов>
                          каталог, шаблоны из которого будут использованы
    --reference <репозиторий>
                          ссылаемый репозиторий
    --dissociate          используйте --reference только при клонировании
    -o, --origin <имя>    использовать <имя> вместо «origin» для отслеживания вышестоящего репозитория
    -b, --branch <ветка>  перейти на <ветку>, вместо HEAD внешнего репозитория
    -u, --upload-pack <путь>
                          путь к git-upload-pack на внешнем репозитории
    --depth <глубина>     сделать частичный клон указанной глубины
    --single-branch       клонировать только одну ветку, HEAD или --branch
    --separate-git-dir <каталог-git>
                          разместить каталог git отдельно от рабочей копии
    -c, --config <ключ=значение>
                          установить параметры внутри нового репозитория

user@user-HP-EliteBook-8570w:~/git/github$ git clone https://github.com/and-se/1kurs-vesna-2018.git
Клонирование в «1kurs-vesna-2018»…
remote: Counting objects: 311, done.
remote: Compressing objects: 100% (30/30), done.
remote: Total 311 (delta 7), reused 21 (delta 3), pack-reused 278
Получение объектов: 100% (311/311), 3.01 MiB | 579.00 KiB/s, готово.
Определение изменений: 100% (128/128), готово.
Проверка соединения… готово.
user@user-HP-EliteBook-8570w:~/git/github$ git gui
git: «gui» не является командой git. Смотрите «git --help».

Возможно, вы имели в виду что-то из этого?
	gc
	grep
	init
	pull
	push
user@user-HP-EliteBook-8570w:~/git/github$ git --help
использование: git [--version] [--help] [-C <path>] [-c name=value]
           [--exec-path[=<path>]] [--html-path] [--man-path] [--info-path]
           [-p | --paginate | --no-pager] [--no-replace-objects] [--bare]
           [--git-dir=<path>] [--work-tree=<path>] [--namespace=<name>]
           <command> [<args>]

Стандартные команды Git используемые в различных ситуациях:

создать рабочую область (смотрите также: git help tutorial)
   clone      Клонирование репозитория в новый каталог
   init       Создание пустого репозитория Git или реинициализация существующего

работа с текущими изменениями (смотрите также: git help everyday)
   add        Добавление содержимого файла в индекс
   mv         Перемещение или переименование файла, каталога или символьной ссылки
   reset      Сброс текущего состояния HEAD на указанное состояние
   rm         Удаление файлов из рабочего каталога и индекса

просмотр истории и текущего состояния (смотрите также: git help revisions)
   bisect     Использовать двоичный поиск изменения, которое вносит ошибку
   grep       Вывод строк, соответствующих шаблону
   log        Вывод истории коммитов
   show       Вывод различных типов объектов
   status     Вывод состояния рабочего каталога

выращивание, отметка и настройка вашей общей истории
   branch     Вывод списка, создание или удаление веток
   checkout   Переключение веток или восстановление файлов в рабочем каталоге
   commit     Запись изменений в репозиторий
   diff       Вывод разницы между коммитами, коммитом и рабочим каталогом и т.д.
   merge      Объединение одной или нескольких историй разработки вместе
   rebase     Перемещение локальных коммитов над обновленной вышестоящей веткой
   tag        Создание, вывод списка, удаление или проверка метки, подписанной с помощью GPG

совместная работа (смотрите также: git help workflows)
   fetch      Загрузка объектов и ссылок из другого репозитория
   pull       Извлечение изменений и объединение с другим репозиторием или локальной веткой
   push       Обновление внешних ссылок и связанных объектов

«git help -а» и «git help -g» выводит список доступных подкоманд и
некоторые руководства по темам. Запустите «git help <команда>» или
«git help <термин>», чтобы прочесть о конкретных подкоманде или теме.
user@user-HP-EliteBook-8570w:~/git/github$ sudo apt-get install git-gui 
[sudo] пароль для user: 
Чтение списков пакетов… Готово
Построение дерева зависимостей       
Чтение информации о состоянии… Готово
Следующие пакеты устанавливались автоматически и больше не требуются:
  java-wrappers libgettext-commons-java libhawtjni-runtime-java libhttpclient-java libhttpcore-java libhttpmime-java libjansi-java libjansi-native-java
  libjavaewah-java libjgit-java libjline2-java libjson-simple-java libllvm4.0 libllvm4.0:i386 libmiglayout-java librsyntaxtextarea-java libservlet2.5-java
  libslf4j-java linux-headers-4.10.0-28 linux-headers-4.10.0-28-generic linux-headers-4.10.0-42 linux-headers-4.10.0-42-generic linux-image-4.10.0-28-generic
  linux-image-4.10.0-42-generic linux-image-extra-4.10.0-28-generic linux-image-extra-4.10.0-42-generic scala scala-library scala-parser-combinators scala-xml
Для их удаления используйте «sudo apt autoremove».
Будут установлены следующие дополнительные пакеты:
  gitk
Предлагаемые пакеты:
  git-doc
НОВЫЕ пакеты, которые будут установлены:
  git-gui gitk
обновлено 0, установлено 2 новых пакетов, для удаления отмечено 0 пакетов, и 57 пакетов не обновлено.
Необходимо скачать 339 kБ архивов.
После данной операции, объём занятого дискового пространства возрастёт на 3.471 kB.
Хотите продолжить? [Д/н] y
Пол:1 http://archive.ubuntu.com/ubuntu xenial-updates/universe amd64 git-gui all 1:2.7.4-0ubuntu1.3 [207 kB]
Пол:2 http://archive.ubuntu.com/ubuntu xenial-updates/main amd64 gitk all 1:2.7.4-0ubuntu1.3 [132 kB]
Получено 339 kБ за 0с (577 kБ/c)
Выбор ранее не выбранного пакета git-gui.
(Чтение базы данных … на данный момент установлено 381236 файлов и каталогов.)
Подготовка к распаковке …/git-gui_1%3a2.7.4-0ubuntu1.3_all.deb …
Распаковывается git-gui (1:2.7.4-0ubuntu1.3) …
Выбор ранее не выбранного пакета gitk.
Подготовка к распаковке …/gitk_1%3a2.7.4-0ubuntu1.3_all.deb …
Распаковывается gitk (1:2.7.4-0ubuntu1.3) …
Обрабатываются триггеры для man-db (2.7.5-1) …
Настраивается пакет git-gui (1:2.7.4-0ubuntu1.3) …
Настраивается пакет gitk (1:2.7.4-0ubuntu1.3) …
user@user-HP-EliteBook-8570w:~/git/github$ git gui
user@user-HP-EliteBook-8570w:~/git/github$ cd 1kurs-vesna-2018/
user@user-HP-EliteBook-8570w:~/git/github/1kurs-vesna-2018$ git gui
user@user-HP-EliteBook-8570w:~/git/github/1kurs-vesna-2018$ git starts
git: «starts» не является командой git. Смотрите «git --help».

Возможно, вы имели в виду это?
	status
user@user-HP-EliteBook-8570w:~/git/github/1kurs-vesna-2018$ git status
На ветке master
Ваша ветка обновлена в соответствии с «origin/master».
Неотслеживаемые файлы:
  (используйте «git add <файл>…», чтобы добавить в то, что будет включено в коммит)

	"Task2 - \320\274\320\276\320\264\321\203\320\273\320\270/results/"

ничего не добавлено в коммит, но есть неотслеживаемые файлы (используйте «git add», чтобы отслеживать их)
user@user-HP-EliteBook-8570w:~/git/github/1kurs-vesna-2018$ git gui
user@user-HP-EliteBook-8570w:~/git/github/1kurs-vesna-2018$ git status
На ветке VladimirKancevich
Вы сейчас возвращаете коммит b9a8605.
  (разрешите конфликты, затем запустите «git revert --continue»)
  (используйте «git revert --abort», чтобы отменить операцию возврата)

Не слитые пути:
  (используйте «git reset HEAD <файл>…», чтобы убрать из индекса)
  (используйте «git add/rm <файл>…», чтобы пометить выбранное разрешение конфликта)

	удалено нами:   "Task3.2 - \321\201\320\273\320\276\320\262\320\260\321\200\321\214 \320\224\320\260\320\273\321\217/dictionary/dictionary.cbp"
	удалено нами:   "Task3.2 - \321\201\320\273\320\276\320\262\320\260\321\200\321\214 \320\224\320\260\320\273\321\217/dictionary/dictionary.cpp"
	удалено нами:   "Task3.2 - \321\201\320\273\320\276\320\262\320\260\321\200\321\214 \320\224\320\260\320\273\321\217/dictionary/main.cpp"

Неотслеживаемые файлы:
  (используйте «git add <файл>…», чтобы добавить в то, что будет включено в коммит)

	"Task3.2 - \321\201\320\273\320\276\320\262\320\260\321\200\321\214 \320\224\320\260\320\273\321\217/dictionary/SampleOEM866_1.txt"

нет изменений добавленных для коммита
(используйте «git add» и/или «git commit -a»)
user@user-HP-EliteBook-8570w:~/git/github/1kurs-vesna-2018$ git revert --abort
user@user-HP-EliteBook-8570w:~/git/github/1kurs-vesna-2018$ git gui
user@user-HP-EliteBook-8570w:~/git/github/1kurs-vesna-2018$ git status
На ветке VladimirKancevich
Неотслеживаемые файлы:
  (используйте «git add <файл>…», чтобы добавить в то, что будет включено в коммит)

	"Task3.2 - \321\201\320\273\320\276\320\262\320\260\321\200\321\214 \320\224\320\260\320\273\321\217/dictionary/"

ничего не добавлено в коммит, но есть неотслеживаемые файлы (используйте «git add», чтобы отслеживать их)
user@user-HP-EliteBook-8570w:~/git/github/1kurs-vesna-2018$ git gui
user@user-HP-EliteBook-8570w:~/git/github/1kurs-vesna-2018$ git status
На ветке tmp
Неотслеживаемые файлы:
  (используйте «git add <файл>…», чтобы добавить в то, что будет включено в коммит)

	"Task3.2 - \321\201\320\273\320\276\320\262\320\260\321\200\321\214 \320\224\320\260\320\273\321\217/dictionary/SampleOEM866_1.txt"

ничего не добавлено в коммит, но есть неотслеживаемые файлы (используйте «git add», чтобы отслеживать их)
user@user-HP-EliteBook-8570w:~/git/github/1kurs-vesna-2018$ git checkout VladimirKancevich 
Переключено на ветку «VladimirKancevich»
user@user-HP-EliteBook-8570w:~/git/github/1kurs-vesna-2018$ git status
На ветке VladimirKancevich
Неотслеживаемые файлы:
  (используйте «git add <файл>…», чтобы добавить в то, что будет включено в коммит)

	"Task3.2 - \321\201\320\273\320\276\320\262\320\260\321\200\321\214 \320\224\320\260\320\273\321\217/dictionary/"

ничего не добавлено в коммит, но есть неотслеживаемые файлы (используйте «git add», чтобы отслеживать их)
user@user-HP-EliteBook-8570w:~/git/github/1kurs-vesna-2018$ git re
rebase         reflog         relink         remote         repack         replace        request-pull   reset          revert         
user@user-HP-EliteBook-8570w:~/git/github/1kurs-vesna-2018$ git branch 
* VladimirKancevich
  master
  tmp
user@user-HP-EliteBook-8570w:~/git/github/1kurs-vesna-2018$ git checkout tmp
Переключено на ветку «tmp»
user@user-HP-EliteBook-8570w:~/git/github/1kurs-vesna-2018$ git gui
^C
user@user-HP-EliteBook-8570w:~/git/github/1kurs-vesna-2018$ git status
На ветке VladimirKancevich
Неотслеживаемые файлы:
  (используйте «git add <файл>…», чтобы добавить в то, что будет включено в коммит)

	"Task3.2 - \321\201\320\273\320\276\320\262\320\260\321\200\321\214 \320\224\320\260\320\273\321\217/dictionary/"

ничего не добавлено в коммит, но есть неотслеживаемые файлы (используйте «git add», чтобы отслеживать их)
user@user-HP-EliteBook-8570w:~/git/github/1kurs-vesna-2018$ git remote 
origin
user@user-HP-EliteBook-8570w:~/git/github/1kurs-vesna-2018$ git remote  -h
использование: git remote [-v | --verbose]
   или: git remote add [-t <ветка>] [-m <мастер-ветка>] [-f] [--tags | --no-tags] [--mirror=<fetch|push>] <имя> <адрес>
   или: git remote rename <старое-название> <новое-название>
   или: git remote remove <имя>
   или: git remote set-head <имя> (-a | --auto | -d | --delete | <ветка>)
   или: git remote [-v | --verbose] show [-n] <имя>
   или: git remote prune [-n | --dry-run] <имя>
   или: git remote [-v | --verbose] update [-p | --prune] [(<группа> | <имя-внешнего-репозитория>)…]
   или: git remote set-branches [--add] <имя> <ветка>…
   или: git remote get-url [--push] [--all] <имя>
   или: git remote set-url [--push] <имя> <новый-url> [<старый-url>]
   или: git remote set-url --add <имя> <новый-url>
   или: git remote set-url --delete <имя> <url>

    -v, --verbose         быть многословнее; должно стоять перед подкомандой

user@user-HP-EliteBook-8570w:~/git/github/1kurs-vesna-2018$ git remote  -v
origin	https://github.com/and-se/1kurs-vesna-2018.git (fetch)
origin	https://github.com/and-se/1kurs-vesna-2018.git (push)
user@user-HP-EliteBook-8570w:~/git/github/1kurs-vesna-2018$ git push
warning: push.default не установлен; его неявное значение было изменено в Git версии 2.0 с «matching» на «simple». Чтобы прекратить вывод этого сообщения и сохранить старое поведение, используйте:

  git config --global push.default matching

Чтобы прекратить вывод этого сообщения и использовать новое поведение, используйте:

  git config --global push.default simple

Когда push.default установлено в «matching», git будет отправлять изменения локальных веток в существующие внешние ветки с таким же именем.

Начиная с Git версии 2.0, по умолчанию используется более консервативное поведение «simple», которое отправляет изменения текущей ветки в соответствующую внешнюю ветку, из которой «git pull» забирает изменения.

Смотрите «git help config» и ищите «push.default» для дополнительной информации.
(режим «simple» появился в Git версии 1.7.11. Используйте похожий режим «current» вместо «simple», если вы иногда используете старые версии Git)

fatal: Текущая ветка VladimirKancevich не имеет вышестоящей ветки.
Чтобы отправить текущую ветку и установить внешнюю ветку как вышестоящую для этой ветки, используйте

    git push --set-upstream origin VladimirKancevich

user@user-HP-EliteBook-8570w:~/git/github/1kurs-vesna-2018$     git push --set-upstream origin VladimirKancevich
Username for 'https://github.com': VladimirKancevich
Password for 'https://VladimirKancevich@github.com': 
Подсчет объектов: 7, готово.
Delta compression using up to 8 threads.
Сжатие объектов: 100% (7/7), готово.
Запись объектов: 100% (7/7), 967 bytes | 0 bytes/s, готово.
Total 7 (delta 2), reused 4 (delta 0)
remote: Resolving deltas: 100% (2/2), completed with 2 local objects.
To https://github.com/and-se/1kurs-vesna-2018.git
 * [new branch]      VladimirKancevich -> VladimirKancevich
Ветка VladimirKancevich отслеживает внешнюю ветку VladimirKancevich из origin.
user@user-HP-EliteBook-8570w:~/git/github/1kurs-vesna-2018$ git gui
user@user-HP-EliteBook-8570w:~/git/github/1kurs-vesna-2018$ git fetch
remote: Counting objects: 8, done.
remote: Compressing objects: 100% (7/7), done.
remote: Total 8 (delta 1), reused 8 (delta 1), pack-reused 0
Распаковка объектов: 100% (8/8), готово.
Из https://github.com/and-se/1kurs-vesna-2018
 * [новая ветка]     Eva_Yakovleva -> origin/Eva_Yakovleva
user@user-HP-EliteBook-8570w:~/git/github/1kurs-vesna-2018$ git gui
^C
user@user-HP-EliteBook-8570w:~/git/github/1kurs-vesna-2018$ git gui
^C
user@user-HP-EliteBook-8570w:~/git/github/1kurs-vesna-2018$ git push
warning: push.default не установлен; его неявное значение было изменено в Git версии 2.0 с «matching» на «simple». Чтобы прекратить вывод этого сообщения и сохранить старое поведение, используйте:

  git config --global push.default matching

Чтобы прекратить вывод этого сообщения и использовать новое поведение, используйте:

  git config --global push.default simple

Когда push.default установлено в «matching», git будет отправлять изменения локальных веток в существующие внешние ветки с таким же именем.

Начиная с Git версии 2.0, по умолчанию используется более консервативное поведение «simple», которое отправляет изменения текущей ветки в соответствующую внешнюю ветку, из которой «git pull» забирает изменения.

Смотрите «git help config» и ищите «push.default» для дополнительной информации.
(режим «simple» появился в Git версии 1.7.11. Используйте похожий режим «current» вместо «simple», если вы иногда используете старые версии Git)

Username for 'https://github.com': VladimirKancevich
Password for 'https://VladimirKancevich@github.com': 
remote: Invalid username or password.
fatal: Authentication failed for 'https://github.com/and-se/1kurs-vesna-2018.git/'
user@user-HP-EliteBook-8570w:~/git/github/1kurs-vesna-2018$ git push
warning: push.default не установлен; его неявное значение было изменено в Git версии 2.0 с «matching» на «simple». Чтобы прекратить вывод этого сообщения и сохранить старое поведение, используйте:

  git config --global push.default matching

Чтобы прекратить вывод этого сообщения и использовать новое поведение, используйте:

  git config --global push.default simple

Когда push.default установлено в «matching», git будет отправлять изменения локальных веток в существующие внешние ветки с таким же именем.

Начиная с Git версии 2.0, по умолчанию используется более консервативное поведение «simple», которое отправляет изменения текущей ветки в соответствующую внешнюю ветку, из которой «git pull» забирает изменения.

Смотрите «git help config» и ищите «push.default» для дополнительной информации.
(режим «simple» появился в Git версии 1.7.11. Используйте похожий режим «current» вместо «simple», если вы иногда используете старые версии Git)

Username for 'https://github.com': VladimirKancevich
Password for 'https://VladimirKancevich@github.com': 
Подсчет объектов: 5, готово.
Delta compression using up to 8 threads.
Сжатие объектов: 100% (5/5), готово.
Запись объектов: 100% (5/5), 496 bytes | 0 bytes/s, готово.
Total 5 (delta 3), reused 0 (delta 0)
remote: Resolving deltas: 100% (3/3), completed with 3 local objects.
To https://github.com/and-se/1kurs-vesna-2018.git
   a976ef0..46c422f  VladimirKancevich -> VladimirKancevich
user@user-HP-EliteBook-8570w:~/git/github/1kurs-vesna-2018$ git gui -h
usage: /usr/lib/git-core/git-gui [{blame|browser|citool}]
user@user-HP-EliteBook-8570w:~/git/github/1kurs-vesna-2018$ git gui browser -h
user@user-HP-EliteBook-8570w:~/git/github/1kurs-vesna-2018$ git gui browser
usage: /usr/lib/git-core/git-gui browser rev? path
user@user-HP-EliteBook-8570w:~/git/github/1kurs-vesna-2018$ git gui citool
user@user-HP-EliteBook-8570w:~/git/github/1kurs-vesna-2018$ git gui --h
usage: /usr/lib/git-core/git-gui [{blame|browser|citool}]
user@user-HP-EliteBook-8570w:~/git/github/1kurs-vesna-2018$ git gui 
^C
user@user-HP-EliteBook-8570w:~/git/github/1kurs-vesna-2018$ git gui
user@user-HP-EliteBook-8570w:~/git/github/1kurs-vesna-2018$ git status
На ветке VladimirKancevich
Ваша ветка отстает от «origin/VladimirKancevich» на 1 коммит и может быть перемотана вперед.
  (используйте «git pull», чтобы обновить вашу локальную ветку)
Неотслеживаемые файлы:
  (используйте «git add <файл>…», чтобы добавить в то, что будет включено в коммит)

	"Task3.2 - \321\201\320\273\320\276\320\262\320\260\321\200\321\214 \320\224\320\260\320\273\321\217/dictionary/"

ничего не добавлено в коммит, но есть неотслеживаемые файлы (используйте «git add», чтобы отслеживать их)
user@user-HP-EliteBook-8570w:~/git/github/1kurs-vesna-2018$ git pull
Обновление a976ef0..46c422f
Fast-forward
 "Task2 - \320\274\320\276\320\264\321\203\320\273\320\270/results/IntArr.cpp" | 1 +
 1 file changed, 1 insertion(+)
user@user-HP-EliteBook-8570w:~/git/github/1kurs-vesna-2018$ git gu
git: «gu» не является командой git. Смотрите «git --help».

Возможно, вы имели в виду это?
	gui
user@user-HP-EliteBook-8570w:~/git/github/1kurs-vesna-2018$ git gui
user@user-HP-EliteBook-8570w:~/git/github/1kurs-vesna-2018$ git gui
user@user-HP-EliteBook-8570w:~/git/github/1kurs-vesna-2018$ git gui
^C
user@user-HP-EliteBook-8570w:~/git/github/1kurs-vesna-2018$ git push
warning: push.default не установлен; его неявное значение было изменено в Git версии 2.0 с «matching» на «simple». Чтобы прекратить вывод этого сообщения и сохранить старое поведение, используйте:

  git config --global push.default matching

Чтобы прекратить вывод этого сообщения и использовать новое поведение, используйте:

  git config --global push.default simple

Когда push.default установлено в «matching», git будет отправлять изменения локальных веток в существующие внешние ветки с таким же именем.

Начиная с Git версии 2.0, по умолчанию используется более консервативное поведение «simple», которое отправляет изменения текущей ветки в соответствующую внешнюю ветку, из которой «git pull» забирает изменения.

Смотрите «git help config» и ищите «push.default» для дополнительной информации.
(режим «simple» появился в Git версии 1.7.11. Используйте похожий режим «current» вместо «simple», если вы иногда используете старые версии Git)

Username for 'https://github.com': VladimirKancevich
Password for 'https://VladimirKancevich@github.com': 
Подсчет объектов: 9, готово.
Delta compression using up to 8 threads.
Сжатие объектов: 100% (8/8), готово.
Запись объектов: 100% (9/9), 972 bytes | 0 bytes/s, готово.
Total 9 (delta 3), reused 1 (delta 0)
remote: Resolving deltas: 100% (3/3), completed with 2 local objects.
To https://github.com/and-se/1kurs-vesna-2018.git
   46c422f..d4f3c4a  VladimirKancevich -> VladimirKancevich
user@user-HP-EliteBook-8570w:~/git/github/1kurs-vesna-2018$ git gui
user@user-HP-EliteBook-8570w:~/git/github/1kurs-vesna-2018$ git gui
^C
user@user-HP-EliteBook-8570w:~/git/github/1kurs-vesna-2018$ g++ main.cpp IntArr.cpp
g++: error: main.cpp: Нет такого файла или каталога
g++: error: IntArr.cpp: Нет такого файла или каталога
g++: fatal error: no input files
compilation terminated.
user@user-HP-EliteBook-8570w:~/git/github/1kurs-vesna-2018$ cd T
